<?xml version="1.0" encoding="UTF-8"?>
<testsuites name="jest tests" tests="12" failures="0" errors="0" time="9.214">
  <testsuite name="outlet Spec" errors="0" failures="0" skipped="0" timestamp="2021-10-05T06:33:27" time="6.807" tests="2">
    <testcase classname="outlet Spec expect a new instance of outlet service" name="outlet Spec expect a new instance of outlet service" time="0.017">
    </testcase>
    <testcase classname="outlet Spec expect mock triggered event can be made to service" name="outlet Spec expect mock triggered event can be made to service" time="0.001">
    </testcase>
  </testsuite>
  <testsuite name="util Spec object comparison" errors="0" failures="0" skipped="0" timestamp="2021-10-05T06:33:34" time="0.202" tests="6">
    <testcase classname="util Spec object comparison expect a to be b shallow comparison" name="util Spec object comparison expect a to be b shallow comparison" time="0">
    </testcase>
    <testcase classname="util Spec object comparison expect a to be b deep comparison" name="util Spec object comparison expect a to be b deep comparison" time="0.001">
    </testcase>
    <testcase classname="util Spec object comparison expect a not to be b shallow comparison" name="util Spec object comparison expect a not to be b shallow comparison" time="0">
    </testcase>
    <testcase classname="util Spec object comparison expect a not to be b deep comparison" name="util Spec object comparison expect a not to be b deep comparison" time="0">
    </testcase>
    <testcase classname="util Spec object comparison expect a not to be b deep comparison 2" name="util Spec object comparison expect a not to be b deep comparison 2" time="0.001">
    </testcase>
    <testcase classname="util Spec base64ToUint8array expect base64 to be Uint8array" name="util Spec base64ToUint8array expect base64 to be Uint8array" time="0.001">
    </testcase>
  </testsuite>
  <testsuite name="TemplateService Spec" errors="0" failures="0" skipped="0" timestamp="2021-10-05T06:33:34" time="0.152" tests="1">
    <testcase classname="TemplateService Spec expect a to be b" name="TemplateService Spec expect a to be b" time="0.021">
    </testcase>
  </testsuite>
  <testsuite name="outlet Spec" errors="0" failures="0" skipped="0" timestamp="2021-10-05T06:33:27" time="7.374" tests="1">
    <testcase classname="outlet Spec expect a new instance of outlet" name="outlet Spec expect a new instance of outlet" time="0.003">
    </testcase>
  </testsuite>
  <testsuite name="core Spec" errors="0" failures="0" skipped="0" timestamp="2021-10-05T06:33:27" time="8.328" tests="2">
    <testcase classname="core Spec expect to be able to filter gold type tokens" name="core Spec expect to be able to filter gold type tokens" time="0.003">
    </testcase>
    <testcase classname="core Spec expect filter not to be able to filter tokens of gold and silver" name="core Spec expect filter not to be able to filter tokens of gold and silver" time="0">
    </testcase>
  </testsuite>
</testsuites>